test
+- run test failure
error: while executing test 'core.tools.test.test.tool contract handlers emit deterministic envelopes', the following command terminated with signal 9 (expected exited with code 0):
./.zig-cache/o/ed50c8461f2f7f1186be5456cbb14611/test --cache-dir=./.zig-cache --seed=0xf30ec81c --listen=-

Build Summary: 12/14 steps succeeded; 1 failed; 1556/1556 tests passed
test transitive failure
+- run test failure

error: the following build command failed with exit code 1:
.zig-cache/o/998d8d203ecedf077d45f23f30c15d92/build /usr/local/zig/zig /usr/local/zig/lib /workspace .zig-cache /root/.cache/zig --seed 0xf30ec81c -Z1d4d5ef25f47f5bd test -- -fno-llvm -fno-lld
